    Hinst Name       Module Name          Inst Count           Total Area
----------------------------------------------------------------------
MSDAP                                           3139            19865.218
 Co_mem_L            CO_MEM                       95             5869.767
 Co_mem_R            CO_MEM_1                     96             5870.132
 Data_mem_L          DATA_MEM                     98             3732.618
 Data_mem_R          DATA_MEM_1                  101             3732.677
 PISOL               PISO                        346               39.016
 PISOR               PISO_1                      343               38.768
 R_mem_L             R_MEM                        13              169.894
 R_mem_R             R_MEM_1                      15              169.807
 addL                adder                       103               11.533
 addR                adder_1                     103               11.547
 alu_ctrl            alu_controller              813               86.634
 main_ctrl           main_controller             432               47.604
 pipo                PIPO                        172               26.157
 shiftL              shifter                     171               25.005
 shiftR              shifter_1                   182               25.428
